bun test v1.3.0 (b0a6feca)
bun : 
発生場所 行:1 文字:1
+ bun test --run > test-output.txt 2>&1; Get-Content test-output.txt |  ...
+ ~~~~~~~~~~~~~~~~~~~~~~~~~~~~~~~~~~~~~
    + CategoryInfo          : NotSpecified: (:String) [], RemoteException
    + FullyQualifiedErrorId : NativeCommandError
 
lib\data-access.test.ts:

# Unhandled error between tests
-------------------------------
57 |   describe('蛯吝刀 CRUD 謫堺ｽ・, () => {
                ^
error: Unterminated string literal
    at C:\dev\kiro-test\lib\data-access.test.ts:57:12
-------------------------------


lib\equipment-service.test.ts:

# Unhandled error between tests
-------------------------------
104 |         name: '繝・せ繝亥ｙ蜩・,
                    ^
error: Unterminated string literal
    at C:\dev\kiro-test\lib\equipment-service.test.ts:104:15
-------------------------------


lib\loan-service.test.ts:

# Unhandled error between tests
-------------------------------
54 |         name: '繝・せ繝亥ｙ蜩・,
                   ^
error: Unterminated string literal
    at C:\dev\kiro-test\lib\loan-service.test.ts:54:15
-------------------------------


lib\schemas.test.ts:
(pass) Equipment Validation Schema > Property 2: Required field validation - rejects empty or whitesp
ace-only name/category

 1 pass
 3 fail
 3 errors
 400 expect() calls
Ran 4 tests across 4 files. [67.00ms]
