bun test v1.3.0 (b0a6feca)
bun : 
発生場所 行:1 文字:1
+ bun test --run 2>&1 > test-results.txt; Get-Content test-results.txt  ...
+ ~~~~~~~~~~~~~~~~~~~~~~~~~~~~~~~~~~~~~~
    + CategoryInfo          : NotSpecified: (:String) [], RemoteException
    + FullyQualifiedErrorId : NativeCommandError
 
lib\data-access.test.ts:
(pass) Data Access Layer (JSON Server) > Equipment CRUD Operations > Can create equipment [78.00ms]
(pass) Data Access Layer (JSON Server) > Equipment CRUD Operations > Can get all equipment [94.00ms]
102 |       });
103 | 
104 |       createdIds.equipment.push(created.id);
105 | 
106 |       const found = await getEquipmentById(created.id);
107 |       expect(found).not.toBeNull();
                              ^
error: expect(received).not.toBeNull()

Received: null

      at <anonymous> (C:\dev\kiro-test\lib\data-access.test.ts:107:25)
(fail) Data Access Layer (JSON Server) > Equipment CRUD Operations > Can get equipment by ID [31.00ms
]
(pass) Data Access Layer (JSON Server) > Equipment CRUD Operations > Can update equipment [109.00ms]
139 |       });
140 | 
141 |       createdIds.equipment.push(created.id);
142 | 
143 |       const deleted = await deleteEquipment(created.id);
144 |       expect(deleted).toBe(true);
                            ^
error: expect(received).toBe(expected)

Expected: true
Received: false

      at <anonymous> (C:\dev\kiro-test\lib\data-access.test.ts:144:23)
(fail) Data Access Layer (JSON Server) > Equipment CRUD Operations > Can delete equipment [31.00ms]
151 | function buildError(errorMessage, out) {
152 |     if (out.runConfiguration.includeErrorInReport) {
153 |         throw new Error(errorMessage);
154 |     }
155 |     const ErrorWithCause = Error;
156 |     const error = new ErrorWithCause(errorMessage, { cause: out.errorInstance });
                        ^
error: Property failed after 3 tests
{ seed: 1410093543, path: "2", endOnFailure: true }
Counterexample: ["Display",["PC"]]
Shrunk 0 time(s)

Hint: Enable verbose mode in order to have the list of all failing values encountered during the run
      at buildError (C:\dev\kiro-test\node_modules\fast-check\lib\check\runner\utils\RunDetailsFormat
ter.js:156:19)
      at asyncThrowIfFailed (C:\dev\kiro-test\node_modules\fast-check\lib\check\runner\utils\RunDetai
lsFormatter.js:170:11)

241 | 
242 |             // Should include at least the target equipment we created
243 |             const hasTargetEquipment = filtered.some(
244 |               (e) => e.id === targetEquipment.id
245 |             );
246 |             expect(hasTargetEquipment).toBe(true);
                                             ^
error: expect(received).toBe(expected)

Expected: true
Received: false

      at <anonymous> (C:\dev\kiro-test\lib\data-access.test.ts:246:40)
      at async run (C:\dev\kiro-test\node_modules\fast-check\lib\check\property\AsyncProperty.generic
.js:43:39)
      at async asyncRunIt (C:\dev\kiro-test\node_modules\fast-check\lib\check\runner\Runner.js:24:36)
(fail) Data Access Layer (JSON Server) > Equipment CRUD Operations > Property 4: Category filtering a
ccuracy [329.00ms]
(pass) Data Access Layer (JSON Server) > Equipment CRUD Operations > Property 5: Search result consis
tency [1312.00ms]
(fail) Data Access Layer (JSON Server) > Equipment CRUD Operations > Property 6: Equipment detail com
pleteness [5344.00ms]
  ^ this test timed out after 5000ms.
(fail) Data Access Layer (JSON Server) > Equipment CRUD Operations > Property 3: Equipment registrati
on round-trip [6094.00ms]
  ^ this test timed out after 5000ms.
(pass) Data Access Layer (JSON Server) > Loan Record CRUD Operations > Can create loan record [46.00m
s]

# Unhandled error between tests
-------------------------------
151 | function buildError(errorMessage, out) {
152 |     if (out.runConfiguration.includeErrorInReport) {
153 |         throw new Error(errorMessage);
154 |     }
155 |     const ErrorWithCause = Error;
156 |     const error = new ErrorWithCause(errorMessage, { cause: out.errorInstance });
                        ^
error: Property failed after 3 tests
{ seed: -1192134075, path: "2:1:1:1:1:1:1:1:1:1:1:1:1:6:1:1:1:1:1:1:1:4:1:1:1:1:0:10:2:10:8:2", endOn
Failure: true }
Counterexample: [{__proto__:null,"name":"00","category":"00","description":"","totalQuantity":37,"ava
ilableQuantity":75,"purchaseDate":new Date("2000-01-01T00:00:00.009Z"),"usefulLife":1}]
Shrunk 31 time(s)

Hint: Enable verbose mode in order to have the list of all failing values encountered during the run
      at buildError (C:\dev\kiro-test\node_modules\fast-check\lib\check\runner\utils\RunDetailsFormat
ter.js:156:19)
      at asyncThrowIfFailed (C:\dev\kiro-test\node_modules\fast-check\lib\check\runner\utils\RunDetai
lsFormatter.js:170:11)

420 | 
421 |           // Retrieve equipment details by ID (with retry for JSON Server persistence)
422 |           const details = await getEquipmentById(created.id, 3);
423 | 
424 |           // Should not be null
425 |           expect(details).not.toBeNull();
                                    ^
error: expect(received).not.toBeNull()

Received: null

      at <anonymous> (C:\dev\kiro-test\lib\data-access.test.ts:425:31)
      at async run (C:\dev\kiro-test\node_modules\fast-check\lib\check\property\AsyncProperty.generic
.js:43:39)
      at async asyncRunIt (C:\dev\kiro-test\node_modules\fast-check\lib\check\runner\Runner.js:24:36)
-------------------------------

(fail) Data Access Layer (JSON Server) > Loan Record CRUD Operations > Property 14: Equipment-specifi
c history filtering [7110.00ms]
  ^ this test timed out after 5000ms.
(pass) Data Access Layer (JSON Server) > Loan Record CRUD Operations > Can get all loan records [203.
00ms]
703 |       });
704 | 
705 |       createdIds.loans.push(created.id);
706 | 
707 |       const found = await getLoanById(created.id, 3);
708 |       expect(found).not.toBeNull();
                              ^
error: expect(received).not.toBeNull()

Received: null

      at <anonymous> (C:\dev\kiro-test\lib\data-access.test.ts:708:25)
(fail) Data Access Layer (JSON Server) > Loan Record CRUD Operations > Can get loan record by ID [422
.00ms]
(pass) Data Access Layer (JSON Server) > Loan Record CRUD Operations > Can update loan record (return
 process) [219.00ms]
(pass) Data Access Layer (JSON Server) > Loan Record CRUD Operations > Can get current active loans f
or user [312.00ms]

# Unhandled error between tests
-------------------------------
151 | function buildError(errorMessage, out) {
152 |     if (out.runConfiguration.includeErrorInReport) {
153 |         throw new Error(errorMessage);
154 |     }
155 |     const ErrorWithCause = Error;
156 |     const error = new ErrorWithCause(errorMessage, { cause: out.errorInstance });
                        ^
error: Property failed after 3 tests
{ seed: 16931011, path: "2:4:1:2:3:1:1:3:10:2:10:8:2:41:14:0:2:2:13", endOnFailure: true }
Counterexample: [{"name":"j a","category":"3B","description":"=","totalQuantity":1,"availableQuantity
":6,"purchaseDate":new Date("2019-02-01T09:43:10.150Z"),"usefulLife":9}]
Shrunk 18 time(s)

Hint: Enable verbose mode in order to have the list of all failing values encountered during the run
      at buildError (C:\dev\kiro-test\node_modules\fast-check\lib\check\runner\utils\RunDetailsFormat
ter.js:156:19)
      at asyncThrowIfFailed (C:\dev\kiro-test\node_modules\fast-check\lib\check\runner\utils\RunDetai
lsFormatter.js:170:11)

507 | 
508 |           // Retrieve by ID (with retry for JSON Server persistence)
509 |           const retrieved = await getEquipmentById(created.id, 3);
510 | 
511 |           // Should not be null
512 |           expect(retrieved).not.toBeNull();
      ^
error: expect(received).not.toBeNull()

Received: null

      at toBeNull (unknown:1:1)
      at C:\dev\kiro-test\lib\data-access.test.ts:512:33
      at run (C:\dev\kiro-test\node_modules\fast-check\lib\check\property\AsyncProperty.generic.js:55
:40)
      at asyncRunIt (C:\dev\kiro-test\node_modules\fast-check\lib\check\runner\Runner.js:24:40)
-------------------------------

(pass) Data Access Layer (JSON Server) > Loan Record CRUD Operations > Property 17: Current loan list
 accuracy [3641.00ms]
(fail) Data Access Layer (JSON Server) > Loan Record CRUD Operations > Property 15: User-specific his
tory filtering [6859.00ms]
  ^ this test timed out after 5000ms.
(pass) Data Access Layer (JSON Server) > Loan Record CRUD Operations > Property 16: Loan record displ
ay completeness [4266.00ms]

lib\equipment-service.test.ts:
(pass) 蛯吝刀邂｡逅・・ｽ・ｽ繝ｼ繝薙せ > createEquipment > 譛牙柑縺ｪ蛯吝刀繝・・ｽE繧ｿ縺ｧ蛯吝刀繧剃ｽ懶ｿｽE縺ｧ縺阪ｋ [93.00ms]
(pass) 蛯吝刀邂｡逅・・ｽ・ｽ繝ｼ繝薙せ > createEquipment > 蛯吝刀蜷阪′遨ｺ縺ｮ蝣ｴ蜷茨ｿｽE繧ｨ繝ｩ繝ｼ繧定ｿ斐☆
(pass) 蛯吝刀邂｡逅・・ｽ・ｽ繝ｼ繝薙せ > createEquipment > 蛯吝刀蜷阪′遨ｺ逋ｽ縺ｮ縺ｿ縺ｮ蝣ｴ蜷茨ｿｽE繧ｨ繝ｩ繝ｼ繧定ｿ斐☆
(pass) 蛯吝刀邂｡逅・・ｽ・ｽ繝ｼ繝薙せ > createEquipment > 繧ｫ繝・・ｽ・ｽ繝ｪ縺檎ｩｺ縺ｮ蝣ｴ蜷茨ｿｽE繧ｨ繝ｩ繝ｼ繧定ｿ斐☆
(pass) 蛯吝刀邂｡逅・・ｽ・ｽ繝ｼ繝薙せ > calculateAvailableQuantity > 蛯吝刀縺ｮ蛻ｩ逕ｨ蜿ｯ閭ｽ謨ｰ驥上ｒ霑斐☆

# Unhandled error between tests
-------------------------------
151 | function buildError(errorMessage, out) {
152 |     if (out.runConfiguration.includeErrorInReport) {
153 |         throw new Error(errorMessage);
154 |     }
155 |     const ErrorWithCause = Error;
156 |     const error = new ErrorWithCause(errorMessage, { cause: out.errorInstance });
                        ^
error: Property failed after 1 tests
{ seed: 1824223566, path: "0:0:0:0:0:0:0:0:0:0:0:0:0:0:0:0:0:0:0:0:40", endOnFailure: true }
Counterexample: [{"name":"00","category":"00","description":"","totalQuantity":1,"purchaseDate":new D
ate(NaN),"usefulLife":undefined}]
Shrunk 20 time(s)

Hint: Enable verbose mode in order to have the list of all failing values encountered during the run
      at buildError (C:\dev\kiro-test\node_modules\fast-check\lib\check\runner\utils\RunDetailsFormat
ter.js:156:19)
      at asyncThrowIfFailed (C:\dev\kiro-test\node_modules\fast-check\lib\check\runner\utils\RunDetai
lsFormatter.js:170:11)

159 |         fc.asyncProperty(validEquipmentArb, async (equipmentData) => {
160 |           // Execute registration process
161 |           const result = await createEquipment(equipmentData);
162 | 
163 |           // Should succeed
164 |           expect(result.success).toBe(true);
      ^
error: expect(received).toBe(expected)

Expected: true
Received: false

      at toBe (unknown:1:1)
      at C:\dev\kiro-test\lib\equipment-service.test.ts:164:34
      at run (C:\dev\kiro-test\node_modules\fast-check\lib\check\property\AsyncProperty.generic.js:55
:40)
      at asyncRunIt (C:\dev\kiro-test\node_modules\fast-check\lib\check\runner\Runner.js:24:40)
-------------------------------

(fail) 蛯吝刀邂｡逅・・ｽ・ｽ繝ｼ繝薙せ > Property 1: Equipment registration completeness > creates equipment with un
ique ID and timestamps for any valid input [10032.00ms]
  ^ a beforeEach/afterEach hook timed out for this test.
(fail) 蛯吝刀邂｡逅・・ｽ・ｽ繝ｼ繝薙せ > Property 11: Equipment update persistence > persists equipment updates and 
updates the updatedAt field [8000.00ms]
  ^ this test timed out after 5000ms.
(fail) 蛯吝刀邂｡逅・・ｽ・ｽ繝ｼ繝薙せ > Property 12: Deletion constraint for equipment on loan > rejects deletion o
f equipment with active loans [10031.00ms]
  ^ a beforeEach/afterEach hook timed out for this test.

# Unhandled error between tests
-------------------------------
151 | function buildError(errorMessage, out) {
152 |     if (out.runConfiguration.includeErrorInReport) {
153 |         throw new Error(errorMessage);
154 |     }
155 |     const ErrorWithCause = Error;
156 |     const error = new ErrorWithCause(errorMessage, { cause: out.errorInstance });
                        ^
error: Property failed after 6 tests
{ seed: 1212389976, path: "5:9:1:0:1:0:0:0:0:0:0:0:0:0:1:6:0:1:1:0:0:0:0:0:0:0", endOnFailure: true }
Counterexample: [{"name":"00","category":"A A","description":"","totalQuantity":1,"purchaseDate":new 
Date("2000-01-01T00:00:00.000Z"),"usefulLife":undefined}]
Shrunk 25 time(s)

Hint: Enable verbose mode in order to have the list of all failing values encountered during the run
      at buildError (C:\dev\kiro-test\node_modules\fast-check\lib\check\runner\utils\RunDetailsFormat
ter.js:156:19)
      at asyncThrowIfFailed (C:\dev\kiro-test\node_modules\fast-check\lib\check\runner\utils\RunDetai
lsFormatter.js:170:11)

431 |           const borrowResult = await borrowEquipment({
432 |             equipmentId: equipment.id,
433 |             userId: userId,
434 |           });
435 | 
436 |           expect(borrowResult.success).toBe(true);
                                             ^
error: expect(received).toBe(expected)

Expected: true
Received: false

      at <anonymous> (C:\dev\kiro-test\lib\equipment-service.test.ts:436:40)
      at async run (C:\dev\kiro-test\node_modules\fast-check\lib\check\property\AsyncProperty.generic
.js:43:39)
      at async asyncRunIt (C:\dev\kiro-test\node_modules\fast-check\lib\check\runner\Runner.js:24:36)
-------------------------------


# Unhandled error between tests
-------------------------------
151 | function buildError(errorMessage, out) {
152 |     if (out.runConfiguration.includeErrorInReport) {
153 |         throw new Error(errorMessage);
154 |     }
155 |     const ErrorWithCause = Error;
156 |     const error = new ErrorWithCause(errorMessage, { cause: out.errorInstance });
                        ^
error: Property failed after 1 tests
{ seed: 996480380, path: "0:0:0:6:0:2:3:12:0:18:1:0:0:0:4:7:1:0:4:3:0:1:0:0:0:3:0:0:0:3:7:2:1:0:0:0:0
:0:0:0:0:0:1:0:0:1:0:2", endOnFailure: true }
Counterexample: [{"name":"Ga","category":"a0","description":"","totalQuantity":1,"purchaseDate":new D
ate("2000-01-01T00:00:00.000Z"),"usefulLife":1},{__proto__:null,"name":"!","usefulLife":1}]
Shrunk 47 time(s)

Hint: Enable verbose mode in order to have the list of all failing values encountered during the run
      at buildError (C:\dev\kiro-test\node_modules\fast-check\lib\check\runner\utils\RunDetailsFormat
ter.js:156:19)
      at asyncThrowIfFailed (C:\dev\kiro-test\node_modules\fast-check\lib\check\runner\utils\RunDetai
lsFormatter.js:170:11)

301 |             // Wait a small amount to ensure updatedAt will be different
302 |             await new Promise((resolve) => setTimeout(resolve, 10));
303 | 
304 |             // 2. Update the equipment
305 |             const updateResult = await updateEquipment(original.id, updateData);
306 |             expect(updateResult.success).toBe(true);
                                               ^
error: expect(received).toBe(expected)

Expected: true
Received: false

      at <anonymous> (C:\dev\kiro-test\lib\equipment-service.test.ts:306:42)
      at async run (C:\dev\kiro-test\node_modules\fast-check\lib\check\property\AsyncProperty.generic
.js:43:39)
-------------------------------

151 | function buildError(errorMessage, out) {
152 |     if (out.runConfiguration.includeErrorInReport) {
153 |         throw new Error(errorMessage);
154 |     }
155 |     const ErrorWithCause = Error;
156 |     const error = new ErrorWithCause(errorMessage, { cause: out.errorInstance });
                        ^
error: Property failed after 1 tests
{ seed: 199830273, path: "0:0:0:0:0:0:0:0:0:0:0:0:0:0:0:0:0:0:0:0:0:0", endOnFailure: true }
Counterexample: [{"name":"00","category":"00","description":"","totalQuantity":1,"purchaseDate":new D
ate("2000-01-01T00:00:00.000Z"),"usefulLife":undefined}]
Shrunk 21 time(s)

Hint: Enable verbose mode in order to have the list of all failing values encountered during the run
      at buildError (C:\dev\kiro-test\node_modules\fast-check\lib\check\runner\utils\RunDetailsFormat
ter.js:156:19)
      at asyncThrowIfFailed (C:\dev\kiro-test\node_modules\fast-check\lib\check\runner\utils\RunDetai
lsFormatter.js:170:11)

522 | 
523 |           // 3. Delete the equipment (should succeed since it's not on loan)
524 |           const deleteResult = await deleteEquipment(equipmentId);
525 | 
526 |           // 4. Deletion should succeed
527 |           expect(deleteResult.success).toBe(true);
                                             ^
error: expect(received).toBe(expected)

Expected: true
Received: false

      at <anonymous> (C:\dev\kiro-test\lib\equipment-service.test.ts:527:40)
      at async run (C:\dev\kiro-test\node_modules\fast-check\lib\check\property\AsyncProperty.generic
.js:43:39)
      at async asyncRunIt (C:\dev\kiro-test\node_modules\fast-check\lib\check\runner\Runner.js:24:36)
(fail) 蛯吝刀邂｡逅・・ｽ・ｽ繝ｼ繝薙せ > Property 13: Equipment deletion completeness > successfully deletes equipme
nt not on loan and returns not found on retrieval [4719.00ms]

lib\loan-service.test.ts:
(pass) 雋ｸ蜃ｺ邂｡逅・・ｽ・ｽ繝ｼ繝薙せ > canBorrowEquipment > 蝨ｨ蠎ｫ縺後≠繧句ｴ蜷茨ｿｽE雋ｸ蜃ｺ蜿ｯ閭ｽ
(pass) 雋ｸ蜃ｺ邂｡逅・・ｽ・ｽ繝ｼ繝薙せ > canBorrowEquipment > 蝨ｨ蠎ｫ縺・縺ｮ蝣ｴ蜷茨ｿｽE雋ｸ蜃ｺ荳榊庄
(fail) 雋ｸ蜃ｺ邂｡逅・・ｽ・ｽ繝ｼ繝薙せ > Property 7: Inventory decrease on loan > decreases inventory by 1 and crea
tes loan record for any available equipment [10031.00ms]
  ^ a beforeEach/afterEach hook timed out for this test.

# Unhandled error between tests
-------------------------------
151 | function buildError(errorMessage, out) {
152 |     if (out.runConfiguration.includeErrorInReport) {
153 |         throw new Error(errorMessage);
154 |     }
155 |     const ErrorWithCause = Error;
156 |     const error = new ErrorWithCause(errorMessage, { cause: out.errorInstance });
                        ^
error: Property failed after 7 tests
{ seed: -350250554, path: "6:0:0:0:5:0:0:0:10:0:0:0:0:0:0:0:0:0:0:0:0:0:0:0:0:1:0:0:0:0:12:0:0:0:0:0:
0:0:0:0:0:0:0:0:0:0:0", endOnFailure: true }
Counterexample: [{"name":"30","category":"00","description":"","totalQuantity":1,"purchaseDate":new D
ate("2000-01-01T00:00:00.000Z"),"usefulLife":undefined},"00000000-0000-1000-8000-000000000000"]
Shrunk 46 time(s)

Hint: Enable verbose mode in order to have the list of all failing values encountered during the run
      at buildError (C:\dev\kiro-test\node_modules\fast-check\lib\check\runner\utils\RunDetailsFormat
ter.js:156:19)
      at asyncThrowIfFailed (C:\dev\kiro-test\node_modules\fast-check\lib\check\runner\utils\RunDetai
lsFormatter.js:170:11)

144 |               equipmentId: equipment.id,
145 |               userId,
146 |             });
147 | 
148 |             // Should succeed
149 |             expect(result.success).toBe(true);
                                         ^
error: expect(received).toBe(expected)

Expected: true
Received: false

      at <anonymous> (C:\dev\kiro-test\lib\loan-service.test.ts:149:36)
      at async run (C:\dev\kiro-test\node_modules\fast-check\lib\check\property\AsyncProperty.generic
.js:43:39)
      at async asyncRunIt (C:\dev\kiro-test\node_modules\fast-check\lib\check\runner\Runner.js:24:36)
-------------------------------


# Unhandled error between tests
-------------------------------
151 | function buildError(errorMessage, out) {
152 |     if (out.runConfiguration.includeErrorInReport) {
153 |         throw new Error(errorMessage);
154 |     }
155 |     const ErrorWithCause = Error;
156 |     const error = new ErrorWithCause(errorMessage, { cause: out.errorInstance });
                        ^
error: Property failed after 9 tests
{ seed: -157086553, path: "8:0:0:0:0:0:0:1:0:0:0:0:0:0:0:0:0:0:0:0:0:0:0:0", endOnFailure: true }
Counterexample: [{"name":"00","category":"00","description":"","totalQuantity":1,"purchaseDate":new D
ate("2000-01-01T00:00:00.000Z"),"usefulLife":undefined},"00000000-0000-1000-8000-000000000000"]
Shrunk 23 time(s)

Hint: Enable verbose mode in order to have the list of all failing values encountered during the run
      at buildError (C:\dev\kiro-test\node_modules\fast-check\lib\check\runner\utils\RunDetailsFormat
ter.js:156:19)
      at asyncThrowIfFailed (C:\dev\kiro-test\node_modules\fast-check\lib\check\runner\utils\RunDetai
lsFormatter.js:170:11)

237 |               equipmentId: equipment.id,
238 |               userId,
239 |             });
240 | 
241 |             // Should succeed
242 |             expect(result.success).toBe(true);
                                         ^
error: expect(received).toBe(expected)

Expected: true
Received: false

      at <anonymous> (C:\dev\kiro-test\lib\loan-service.test.ts:242:36)
      at async run (C:\dev\kiro-test\node_modules\fast-check\lib\check\property\AsyncProperty.generic
.js:43:39)
      at async asyncRunIt (C:\dev\kiro-test\node_modules\fast-check\lib\check\runner\Runner.js:24:36)
-------------------------------

(fail) 雋ｸ蜃ｺ邂｡逅・・ｽ・ｽ繝ｼ繝薙せ > Property 8: Loan record completeness > creates loan record with all requir
ed fields for any valid loan [9359.00ms]
  ^ this test timed out after 5000ms.

# Unhandled error between tests
-------------------------------
151 | function buildError(errorMessage, out) {
152 |     if (out.runConfiguration.includeErrorInReport) {
153 |         throw new Error(errorMessage);
154 |     }
155 |     const ErrorWithCause = Error;
156 |     const error = new ErrorWithCause(errorMessage, { cause: out.errorInstance });
                        ^
error: Property failed after 1 tests
{ seed: 546068942, path: "0:0:0:0:0:0:0:1:0:0:0:0:0:0:0:0:0:1:0:0:0:0:0:0:0:0", endOnFailure: true }
Counterexample: [{"name":"00","category":"00","description":"","totalQuantity":2,"purchaseDate":new D
ate("2000-01-01T00:00:00.000Z"),"usefulLife":undefined},"00000000-0000-1000-8000-000000000000"]
Shrunk 25 time(s)

Hint: Enable verbose mode in order to have the list of all failing values encountered during the run
      at buildError (C:\dev\kiro-test\node_modules\fast-check\lib\check\runner\utils\RunDetailsFormat
ter.js:156:19)
      at asyncThrowIfFailed (C:\dev\kiro-test\node_modules\fast-check\lib\check\runner\utils\RunDetai
lsFormatter.js:170:11)

334 |               equipmentId: equipment.id,
335 |               userId,
336 |             });
337 | 
338 |             // Should succeed
339 |             expect(borrowResult.success).toBe(true);
                                               ^
error: expect(received).toBe(expected)

Expected: true
Received: false

      at <anonymous> (C:\dev\kiro-test\lib\loan-service.test.ts:339:42)
      at async run (C:\dev\kiro-test\node_modules\fast-check\lib\check\property\AsyncProperty.generic
.js:43:39)
      at async asyncRunIt (C:\dev\kiro-test\node_modules\fast-check\lib\check\runner\Runner.js:24:36)
-------------------------------

(fail) 雋ｸ蜃ｺ邂｡逅・・ｽ・ｽ繝ｼ繝薙せ > Property 9: Inventory increase on return > increases inventory by 1 and up
dates loan record for any loaned equipment [7703.00ms]
  ^ this test timed out after 5000ms.
(fail) 雋ｸ蜃ｺ邂｡逅・・ｽ・ｽ繝ｼ繝薙せ > Property 10: Invalid return rejection > rejects return attempts for equipm
ent not borrowed by the user [10032.00ms]
  ^ a beforeEach/afterEach hook timed out for this test.
(fail) 雋ｸ蜃ｺ邂｡逅・・ｽ・ｽ繝ｼ繝薙せ > Property 18: Borrowed list display completeness > displays all required fi
elds for each borrowed item [5015.00ms]
  ^ a beforeEach/afterEach hook timed out for this test.

lib\schemas.test.ts:
(pass) Equipment Validation Schema > Property 2: Required field validation - rejects empty or whitesp
ace-only name/category

 18 pass
 17 fail
 8 errors
 10446 expect() calls
Ran 35 tests across 4 files. [111.62s]
